<?xml version="1.0" encoding="utf-8"?><testsuites><testsuite name="pytest" errors="0" failures="0" skipped="0" tests="21" time="5.897" timestamp="2026-09-16T21:14:06.661006+07:00" hostname="LAPTOP-KJRJ0MKJ"><testcase classname="tests.test_acquisition" name="test_download_atomic_and_preserves_originals" time="0.006" /><testcase classname="tests.test_acquisition" name="test_acquisition_checksum_rejects_changed_original" time="0.005" /><testcase classname="tests.test_audio" name="test_audio_loading_and_mono" time="0.015" /><testcase classname="tests.test_audio" name="test_resampling[4000]" time="0.003" /><testcase classname="tests.test_audio" name="test_resampling[8000]" time="0.002" /><testcase classname="tests.test_audio" name="test_resampling[44100]" time="0.004" /><testcase classname="tests.test_audio" name="test_segmentation" time="0.001" /><testcase classname="tests.test_audio" name="test_feature_shape" time="1.546" /><testcase classname="tests.test_audio" name="test_corrupt_empty_nonfinite_audio" time="0.026" /><testcase classname="tests.test_audio" name="test_silence_and_clipping" time="0.015" /><testcase classname="tests.test_audio" name="test_filter_option" time="0.003" /><testcase classname="tests.test_dataset" name="test_deterministic_split_no_leakage" time="0.028" /><testcase classname="tests.test_dataset" name="test_repeat_subject_ids_and_conflicting_labels" time="0.029" /><testcase classname="tests.test_dataset" name="test_manifest_validation" time="0.006" /><testcase classname="tests.test_dataset" name="test_unknown_exclusion" time="0.013" /><testcase classname="tests.test_dataset" name="test_duplicate_hash_leakage" time="0.015" /><testcase classname="tests.test_dataset" name="test_bad_file_logged_manifest" time="0.014" /><testcase classname="tests.test_dataset" name="test_invalid_orphan_does_not_block_valid_dataset" time="0.015" /><testcase classname="tests.test_dataset" name="test_combined_silent_quality_flags_excluded" time="0.012" /><testcase classname="tests.test_smoke" name="test_end_to_end_synthetic" time="2.396" /><testcase classname="tests.test_smoke" name="test_missing_dataset_actionable" time="0.004" /></testsuite></testsuites>